
> form-herramientas@0.1.0 build C:\Users\Erick Quiroz\Documents\Pil\form-herramientas
> next build

▲ Next.js 16.2.1 (Turbopack)
- Environments: .env

  Creating an optimized production build ...
✓ Compiled successfully in 3.8s
  Running TypeScript ...
node.exe : Failed to type check.
En C:\Users\Erick Quiroz\AppData\Roaming\npm\pnpm.ps1: 24 Carácter: 5
+     & "node$exe"  "$basedir/node_modules/pnpm/bin/pnpm.cjs" $args
+     ~~~~~~~~~~~~~~~~~~~~~~~~~~~~~~~~~~~~~~~~~~~~~~~~~~~~~~~~~~~~~
    + CategoryInfo          : NotSpecified: (Failed to type check.:String) [], 
    RemoteException
    + FullyQualifiedErrorId : NativeCommandError
 

./src/app/api/assignments/route.ts:16:11
Type error: Object literal may only specify known properties, but 'Material' 
does not exist in type 'AssignmentInclude<DefaultArgs>'. Did you mean to write 
'material'?

  [90m14 |[0m         where: { id },
  [90m15 |[0m         include: {
[31m[1m>[0m [90m16 |[0m           [33mMaterial[0m: [36mtrue[0m,
  [90m   |[0m           [31m[1m^[0m
  [90m17 |[0m           [33mTechnician[0m: [36mtrue[0m,
  [90m18 |[0m         },
  [90m19 |[0m       });
Next.js build worker exited with code: 1 and signal: null
 ELIFECYCLE  Command failed with exit code 1.
